// Jest Snapshot v1, https://jestjs.io/docs/snapshot-testing

exports[`Library exports match expectations 1`] = `
{
  "GlobalState": [Function],
  "GlobalStateProvider": [Function],
  "SsrContext": [Function],
  "getGlobalState": [Function],
  "getSsrContext": [Function],
  "newAsyncDataEnvelope": [Function],
  "useAsyncCollection": [Function],
  "useAsyncData": [Function],
  "useGlobalState": [Function],
  "withGlobalStateType": [Function],
}
`;
