// Jest Snapshot v1, https://goo.gl/fbAQLP

exports[`Test of \`stateProxy\` prop of the state provider 1`] = `
<div>
  <div>
    0
  </div>
  <div>
    <button
      data-testid="button-1"
      type="button"
    >
      Bump!
    </button>
  </div>
  <div>
    0
  </div>
  <div>
    <button
      data-testid="button-2"
      type="button"
    >
      Bump!
    </button>
  </div>
</div>
`;

exports[`Test of \`stateProxy\` prop of the state provider 2`] = `
<div>
  <div>
    1
  </div>
  <div>
    <button
      data-testid="button-1"
      type="button"
    >
      Bump!
    </button>
  </div>
  <div>
    1
  </div>
  <div>
    <button
      data-testid="button-2"
      type="button"
    >
      Bump!
    </button>
  </div>
</div>
`;

exports[`Test of \`stateProxy\` prop of the state provider 3`] = `
<div>
  <div>
    2
  </div>
  <div>
    <button
      data-testid="button-1"
      type="button"
    >
      Bump!
    </button>
  </div>
  <div>
    2
  </div>
  <div>
    <button
      data-testid="button-2"
      type="button"
    >
      Bump!
    </button>
  </div>
</div>
`;

exports[`Test of \`stateProxy\` prop of the state provider II 1`] = `
{
  "counter": 0,
}
`;

exports[`Test of \`stateProxy\` prop of the state provider II 2`] = `
<div>
  <div>
    0
  </div>
  <div>
    <button
      data-testid="button-1"
      type="button"
    >
      Bump!
    </button>
  </div>
  <div>
    0
  </div>
  <div>
    <button
      data-testid="button-2"
      type="button"
    >
      Bump!
    </button>
  </div>
</div>
`;

exports[`Test of \`stateProxy\` prop of the state provider II 3`] = `
{
  "counter": 0,
}
`;

exports[`Test of \`stateProxy\` prop of the state provider II 4`] = `
<div>
  <div>
    1
  </div>
  <div>
    <button
      data-testid="button-1"
      type="button"
    >
      Bump!
    </button>
  </div>
  <div>
    0
  </div>
  <div>
    <button
      data-testid="button-2"
      type="button"
    >
      Bump!
    </button>
  </div>
</div>
`;

exports[`Test of \`stateProxy\` prop of the state provider II 5`] = `
{
  "counter": 1,
}
`;

exports[`Test of \`stateProxy\` prop of the state provider II 6`] = `
<div>
  <div>
    1
  </div>
  <div>
    <button
      data-testid="button-1"
      type="button"
    >
      Bump!
    </button>
  </div>
  <div>
    1
  </div>
  <div>
    <button
      data-testid="button-2"
      type="button"
    >
      Bump!
    </button>
  </div>
</div>
`;

exports[`The scene works as expected 1`] = `
<div>
  <div>
    0
  </div>
  <div>
    <button
      data-testid="button-1"
      type="button"
    >
      Bump!
    </button>
  </div>
  <div>
    0
  </div>
  <div>
    <button
      data-testid="button-2"
      type="button"
    >
      Bump!
    </button>
  </div>
</div>
`;

exports[`The scene works as expected 2`] = `
<div>
  <div>
    1
  </div>
  <div>
    <button
      data-testid="button-1"
      type="button"
    >
      Bump!
    </button>
  </div>
  <div>
    0
  </div>
  <div>
    <button
      data-testid="button-2"
      type="button"
    >
      Bump!
    </button>
  </div>
</div>
`;

exports[`The scene works as expected 3`] = `
<div>
  <div>
    1
  </div>
  <div>
    <button
      data-testid="button-1"
      type="button"
    >
      Bump!
    </button>
  </div>
  <div>
    1
  </div>
  <div>
    <button
      data-testid="button-2"
      type="button"
    >
      Bump!
    </button>
  </div>
</div>
`;

exports[`Throws if GlobalStateProvider is missing 1`] = `"Missing GlobalStateProvider"`;
