// Jest Snapshot v1, https://jestjs.io/docs/snapshot-testing

exports[` 1`] = `
<div>
  <div>
    value-b
  </div>
</div>
`;

exports[`withGlobalStateType() result matches snapshot 1`] = `
{
  "GlobalState": [Function],
  "GlobalStateProvider": [Function],
  "SsrContext": [Function],
  "loadAsyncData": [Function],
  "newAsyncDataEnvelope": [Function],
  "useAsyncCollection": [Function],
  "useAsyncData": [Function],
  "useGlobalState": [Function],
  "useGlobalStateObject": [Function],
  "useSsrContext": [Function],
}
`;
