// Jest Snapshot v1, https://goo.gl/fbAQLP

exports[` 1`] = `"<div>value-b</div>"`;

exports[`withGlobalStateType() result matches snapshot 1`] = `
{
  "GlobalStateProvider": [Function],
  "getGlobalState": [Function],
  "getSsrContext": [Function],
  "useAsyncCollection": [Function],
  "useAsyncData": [Function],
  "useGlobalState": [Function],
}
`;
