// Jest Snapshot v1, https://goo.gl/fbAQLP

exports[` 1`] = `
<div>
  <div>
    value-b
  </div>
</div>
`;

exports[`withGlobalStateType() result matches snapshot 1`] = `
{
  "GlobalState": [Function],
  "GlobalStateProvider": [Function],
  "SsrContext": [Function],
  "getGlobalState": [Function],
  "getSsrContext": [Function],
  "newAsyncDataEnvelope": [Function],
  "useAsyncCollection": [Function],
  "useAsyncData": [Function],
  "useGlobalState": [Function],
}
`;
