// Jest Snapshot v1, https://goo.gl/fbAQLP

exports[`#1 1`] = `
{
  "collection": {
    "a": {
      "data": null,
      "numRefs": 1,
      "operationId": "C00000000-0000-0000-0000-000000000001",
      "timestamp": 0,
    },
  },
}
`;

exports[`#1 2`] = `
{
  "collection": {},
}
`;

exports[`#1 3`] = `
{
  "collection": {},
}
`;
